05-03 22:17:03.350 30000 32463 W ReactNativeJS: Valid color formats are
05-03 22:17:03.350 30000 32463 W ReactNativeJS:   - '#f0f' (#rgb)
05-03 22:17:03.350 30000 32463 W ReactNativeJS:   - '#f0fc' (#rgba)
05-03 22:17:03.350 30000 32463 W ReactNativeJS:   - '#ff00ff' (#rrggbb)
05-03 22:17:03.350 30000 32463 W ReactNativeJS:   - '#ff00ff00' (#rrggbbaa)
05-03 22:17:03.350 30000 32463 W ReactNativeJS:   - 'rgb(255, 255, 255)'
05-03 22:17:03.350 30000 32463 W ReactNativeJS:   - 'rgba(255, 255, 255, 1.0)'
05-03 22:17:03.350 30000 32463 W ReactNativeJS:   - 'hsl(360, 100%, 100%)'
05-03 22:17:03.350 30000 32463 W ReactNativeJS:   - 'hsla(360, 100%, 100%, 1.0)'
05-03 22:17:03.350 30000 32463 W ReactNativeJS:   - 'transparent'
05-03 22:17:03.350 30000 32463 W ReactNativeJS:   - 'red'
05-03 22:17:03.350 30000 32463 W ReactNativeJS:   - 0xff00ff00 (0xrrggbbaa)
05-03 22:17:03.350 30000 32463 W ReactNativeJS: 
05-03 22:17:03.350 30000 32463 W ReactNativeJS: Bad object: {
05-03 22:17:03.350 30000 32463 W ReactNativeJS:   "width": "100%",
05-03 22:17:03.350 30000 32463 W ReactNativeJS:   "height": 20,
05-03 22:17:03.350 30000 32463 W ReactNativeJS:   "backgroundColor": "linear-gradient(to right, green NaN%, red NaN%)"
05-03 22:17:03.350 30000 32463 W ReactNativeJS: }
05-03 22:17:03.350 30000 32463 W ReactNativeJS:     in View (at ProgressBar.js:11)
05-03 22:17:03.350 30000 32463 W ReactNativeJS:     in ProgressBar (at PlayerHeader.js:43)
05-03 22:17:03.350 30000 32463 W ReactNativeJS:     in RCTView (at View.js:60)
05-03 22:17:03.350 30000 32463 W ReactNativeJS:     in View (at PlayerHeader.js:40)
05-03 22:17:03.350 30000 32463 W ReactNativeJS:     in PlayerHeader (at Player.js:26)
05-03 22:17:03.350 30000 32463 W ReactNativeJS:     in RCTView (at View.js:60)
05-03 22:17:03.350 30000 32463 W ReactNativeJS:     in View (at Player.js:25)
05-03 22:17:03.350 30000 32463 W ReactNativeJS:     in Player (at SceneView.js:17)
05-03 22:17:03.350 30000 32463 W ReactNativeJS:     in SceneView (at CardStack.js:466)
05-03 22:17:03.350 30000 32463 W ReactNativeJS:     in RCTView (at View.js:60)
05-03 22:17:03.350 30000 32463 W ReactNativeJS:     in View (at createAnimatedComponent.js:154)
05-03 22:17:03.350 30000 32463 W ReactNativeJS:     in AnimatedComponent (at Card.js:12)
05-03 22:17:03.350 30000 32463 W ReactNativeJS:     in Card (at PointerEventsContainer.js:39)
05-03 22:17:03.350 30000 32463 W ReactNativeJS:     in Container (at CardStack.js:498)
05-03 22:17:03.350 30000 32463 W ReactNativeJS:     in RCTView (at View.js:60)
05-03 22:17:03.350 30000 32463 W ReactNativeJS:     in View (at CardStack.js:414)
05-03 22:17:03.350 30000 32463 W ReactNativeJS:     in RCTView (at View.js:60)
05-03 22:17:03.350 30000 32463 W ReactNativeJS:     in View (at CardStack.js:413)
05-03 22:17:03.350 30000 32463 W ReactNativeJS:     in CardStack (at CardStackTransitioner.js:67)
05-03 22:17:03.350 30000 32463 W ReactNativeJS:     in RCTView (at View.js:60)
05-03 22:17:03.350 30000 32463 W ReactNativeJS:     in View (at Transitioner.js:142)
05-03 22:17:03.350 30000 32463 W ReactNativeJS:     in Transitioner (at CardStackTransitioner.js:19)
05-03 22:17:03.350 30000 32463 W ReactNativeJS:     in CardStackTransitioner (at StackNavigator.js:41)
05-03 22:17:03.350 30000 32463 W ReactNativeJS:     in Unknown (at createNavigator.js:13)
05-03 22:17:03.350 30000 32463 W ReactNativeJS:     in Navigator (at createNavigationContainer.js:226)
05-03 22:17:03.350 30000 32463 W ReactNativeJS:     in NavigationContainer (at renderApplication.js:33)
05-03 22:17:03.350 30000 32463 W ReactNativeJS:     in RCTView (at View.js:60)
05-03 22:17:03.350 30000 32463 W ReactNativeJS:     in View (at AppContainer.js:102)
05-03 22:17:03.350 30000 32463 W ReactNativeJS:     in RCTView (at View.js:60)
05-03 22:17:03.350 30000 32463 W ReactNativeJS:     in View (at AppContainer.js:122)
05-03 22:17:03.350 30000 32463 W ReactNativeJS:     in AppContainer (at renderApplication.js:32)
05-03 22:17:50.066 30000 32463 E ReactNativeJS: undefined is not a function (evaluating '_this3.notARealFunction()')
05-03 22:17:51.376 30000 30000 D ReactNative: ReactInstanceManager.onJSBundleLoadedFromServer()
05-03 22:17:51.377 30000 30000 D ReactNative: ReactInstanceManager.recreateReactContextInBackground()
05-03 22:17:51.377 30000 30000 D ReactNative: ReactInstanceManager.runCreateReactContextOnNewThread()
05-03 22:17:51.377 30000 30000 D ReactNative: ReactInstanceManager.tearDownReactContext()
05-03 22:17:51.380 30000 30000 D ReactNative: CatalystInstanceImpl.destroy() start
05-03 22:17:51.382 30000 32539 D ReactNative: ReactInstanceManager.createReactContext()
05-03 22:17:51.440 30000 32505 D ReactNative: CatalystInstanceImpl.destroy() end
05-03 22:17:51.457 30000 32539 D ReactNative: Initializing React Xplat Bridge.
05-03 22:17:51.459 30000 32539 D ReactNative: Initializing React Xplat Bridge before initializeBridge
05-03 22:17:51.464 30000 32539 D ReactNative: Initializing React Xplat Bridge after initializeBridge
05-03 22:17:51.465 30000 32539 D ReactNative: CatalystInstanceImpl.runJSBundle()
05-03 22:17:51.465 30000 32542 D ReactNative: ReactInstanceManager.setupReactContext()
05-03 22:17:51.465 30000 32542 D ReactNative: CatalystInstanceImpl.initialize()
05-03 22:17:51.465 30000 32542 D ReactNative: ReactInstanceManager.attachRootViewToInstance()
05-03 22:17:52.124 30000 32541 I ReactNativeJS: Running application "AdventurerSimulator" with appParams: {"rootTag":171}. __DEV__ === true, development-level warning are ON, performance optimizations are OFF
05-03 22:18:34.824 30000 32541 E ReactNativeJS: undefined is not a function (evaluating '_this3.notARealFunction()')
05-03 22:18:36.413 30000 30000 D ReactNative: ReactInstanceManager.onJSBundleLoadedFromServer()
05-03 22:18:36.414 30000 30000 D ReactNative: ReactInstanceManager.recreateReactContextInBackground()
05-03 22:18:36.414 30000 30000 D ReactNative: ReactInstanceManager.runCreateReactContextOnNewThread()
05-03 22:18:36.414 30000 30000 D ReactNative: ReactInstanceManager.tearDownReactContext()
05-03 22:18:36.418 30000 30000 D ReactNative: CatalystInstanceImpl.destroy() start
05-03 22:18:36.420 30000 32618 D ReactNative: ReactInstanceManager.createReactContext()
05-03 22:18:36.474 30000 32586 D ReactNative: CatalystInstanceImpl.destroy() end
05-03 22:18:36.506 30000 32618 D ReactNative: Initializing React Xplat Bridge.
05-03 22:18:36.510 30000 32618 D ReactNative: Initializing React Xplat Bridge before initializeBridge
05-03 22:18:36.516 30000 32618 D ReactNative: Initializing React Xplat Bridge after initializeBridge
05-03 22:18:36.516 30000 32618 D ReactNative: CatalystInstanceImpl.runJSBundle()
05-03 22:18:36.517 30000 32620 D ReactNative: ReactInstanceManager.setupReactContext()
05-03 22:18:36.517 30000 32620 D ReactNative: CatalystInstanceImpl.initialize()
05-03 22:18:36.518 30000 32620 D ReactNative: ReactInstanceManager.attachRootViewToInstance()
05-03 22:18:37.177 30000 32619 I ReactNativeJS: Running application "AdventurerSimulator" with appParams: {"rootTag":181}. __DEV__ === true, development-level warning are ON, performance optimizations are OFF
05-03 22:20:01.446 30000 32619 E ReactNativeJS: undefined is not a function (evaluating '_this3.notARealFunction()')
05-03 22:20:03.027 30000 30000 D ReactNative: ReactInstanceManager.onJSBundleLoadedFromServer()
05-03 22:20:03.027 30000 30000 D ReactNative: ReactInstanceManager.recreateReactContextInBackground()
05-03 22:20:03.027 30000 30000 D ReactNative: ReactInstanceManager.runCreateReactContextOnNewThread()
05-03 22:20:03.028 30000 30000 D ReactNative: ReactInstanceManager.tearDownReactContext()
05-03 22:20:03.032 30000 30000 D ReactNative: CatalystInstanceImpl.destroy() start
05-03 22:20:03.033 30000   352 D ReactNative: ReactInstanceManager.createReactContext()
05-03 22:20:03.093 30000   352 D ReactNative: Initializing React Xplat Bridge.
05-03 22:20:03.095 30000   352 D ReactNative: Initializing React Xplat Bridge before initializeBridge
05-03 22:20:03.103 30000 32706 D ReactNative: CatalystInstanceImpl.destroy() end
05-03 22:20:03.107 30000   352 D ReactNative: Initializing React Xplat Bridge after initializeBridge
05-03 22:20:03.107 30000   352 D ReactNative: CatalystInstanceImpl.runJSBundle()
05-03 22:20:03.107 30000   373 D ReactNative: ReactInstanceManager.setupReactContext()
05-03 22:20:03.107 30000   373 D ReactNative: CatalystInstanceImpl.initialize()
05-03 22:20:03.108 30000   373 D ReactNative: ReactInstanceManager.attachRootViewToInstance()
05-03 22:20:03.776 30000   353 I ReactNativeJS: Running application "AdventurerSimulator" with appParams: {"rootTag":191}. __DEV__ === true, development-level warning are ON, performance optimizations are OFF
05-03 22:20:19.830 30000   353 I ReactNativeJS: NaN, 0, 0
05-03 22:20:23.925 30000   353 I ReactNativeJS: 0, 0, 8
05-03 22:20:26.038 30000   353 I ReactNativeJS: 0, 0, 8
05-03 22:20:28.162 30000   353 I ReactNativeJS: 0, 0, 8
05-03 22:20:30.293 30000   353 I ReactNativeJS: 0, 0, 8
05-03 22:20:32.426 30000   353 I ReactNativeJS: 0, 0, 8
05-03 22:20:34.534 30000   353 I ReactNativeJS: 0, 0, 8
05-03 22:20:36.643 30000   353 I ReactNativeJS: 0, 0, 8
05-03 22:20:38.745 30000   353 I ReactNativeJS: 0, 0, 8
05-03 22:20:40.868 30000   353 I ReactNativeJS: 0, 0, 8
05-03 22:20:42.994 30000   353 I ReactNativeJS: 0, 0, 8
05-03 22:20:45.113 30000   353 I ReactNativeJS: 0, 0, 8
05-03 22:20:47.227 30000   353 I ReactNativeJS: 0, 0, 8
05-03 22:20:49.341 30000   353 I ReactNativeJS: 0, 0, 8
05-03 22:20:51.479 30000   353 I ReactNativeJS: 0, 0, 8
05-03 22:20:53.594 30000   353 I ReactNativeJS: 0, 0, 8
05-03 22:20:55.718 30000   353 I ReactNativeJS: 0, 0, 8
05-03 22:20:57.816 30000   353 I ReactNativeJS: 0, 0, 8
05-03 22:20:59.939 30000   353 I ReactNativeJS: 0, 0, 8
05-03 22:21:01.781 30000   353 I ReactNativeJS: 0.09375, 0.75, 8
05-03 22:21:03.375 30000   353 I ReactNativeJS: 0.03125, 0.25, 8
05-03 22:21:05.217 30000   353 I ReactNativeJS: 0.125, 1, 8
05-03 22:21:06.804 30000   353 I ReactNativeJS: 0.0625, 0.5, 8
05-03 22:21:08.406 30000   353 I ReactNativeJS: 0, 0, 8
05-03 22:21:10.247 30000   353 I ReactNativeJS: 0.09375, 0.75, 8
05-03 22:21:11.843 30000   353 I ReactNativeJS: 0.03125, 0.25, 8
05-03 22:21:13.678 30000   353 I ReactNativeJS: 0.125, 1, 8
05-03 22:21:15.261 30000   353 I ReactNativeJS: 0.0625, 0.5, 8
05-03 22:21:16.854 30000   353 I ReactNativeJS: 0, 0, 8
05-03 22:21:18.715 30000   353 I ReactNativeJS: 0.09375, 0.75, 8
05-03 22:21:20.306 30000   353 I ReactNativeJS: 0.03125, 0.25, 8
05-03 22:21:22.164 30000   353 I ReactNativeJS: 0.125, 1, 8
05-03 22:21:23.765 30000   353 I ReactNativeJS: 0.0625, 0.5, 8
05-03 22:21:25.361 30000   353 I ReactNativeJS: 0, 0, 8
05-03 22:21:27.209 30000   353 I ReactNativeJS: 0.09375, 0.75, 8
05-03 22:21:28.793 30000   353 I ReactNativeJS: 0.03125, 0.25, 8
05-03 22:21:30.619 30000   353 I ReactNativeJS: 0.125, 1, 8
05-03 22:21:31.945 30000   353 I ReactNativeJS: 0.0625, 0.5, 8
05-03 22:21:33.272 30000   353 I ReactNativeJS: 0, 0, 8
05-03 22:21:34.864 30000   353 I ReactNativeJS: 0.125, 1, 8
05-03 22:21:36.192 30000   353 I ReactNativeJS: 0.0625, 0.5, 8
05-03 22:21:37.524 30000   353 I ReactNativeJS: 0, 0, 8
05-03 22:21:39.097 30000   353 I ReactNativeJS: 0.125, 1, 8
05-03 22:21:40.409 30000   353 I ReactNativeJS: 0.0625, 0.5, 8
05-03 22:21:41.738 30000   353 I ReactNativeJS: 0, 0, 8
05-03 22:21:43.331 30000   353 I ReactNativeJS: 0.125, 1, 8
05-03 22:21:44.659 30000   353 I ReactNativeJS: 0.0625, 0.5, 8
05-03 22:21:45.988 30000   353 I ReactNativeJS: 0, 0, 8
05-03 22:21:47.581 30000   353 I ReactNativeJS: 0.125, 1, 8
05-03 22:21:48.911 30000   353 I ReactNativeJS: 0.0625, 0.5, 8
05-03 22:21:50.236 30000   353 I ReactNativeJS: 0, 0, 8
05-03 22:21:51.823 30000   353 I ReactNativeJS: 0.125, 1, 8
05-03 22:21:52.880 30000   353 E ReactNativeJS: undefined is not a function (evaluating '_this3.notARealFunction()')
05-03 22:21:54.506 30000 30000 D ReactNative: ReactInstanceManager.onJSBundleLoadedFromServer()
05-03 22:21:54.506 30000 30000 D ReactNative: ReactInstanceManager.recreateReactContextInBackground()
05-03 22:21:54.506 30000 30000 D ReactNative: ReactInstanceManager.runCreateReactContextOnNewThread()
05-03 22:21:54.506 30000 30000 D ReactNative: ReactInstanceManager.tearDownReactContext()
05-03 22:21:54.508 30000 30000 D ReactNative: CatalystInstanceImpl.destroy() start
05-03 22:21:54.509 30000   672 D ReactNative: ReactInstanceManager.createReactContext()
05-03 22:21:54.562 30000   613 D ReactNative: CatalystInstanceImpl.destroy() end
05-03 22:21:54.575 30000   672 D ReactNative: Initializing React Xplat Bridge.
05-03 22:21:54.578 30000   672 D ReactNative: Initializing React Xplat Bridge before initializeBridge
05-03 22:21:54.583 30000   672 D ReactNative: Initializing React Xplat Bridge after initializeBridge
05-03 22:21:54.584 30000   672 D ReactNative: CatalystInstanceImpl.runJSBundle()
05-03 22:21:54.584 30000   674 D ReactNative: ReactInstanceManager.setupReactContext()
05-03 22:21:54.584 30000   674 D ReactNative: CatalystInstanceImpl.initialize()
05-03 22:21:54.584 30000   674 D ReactNative: ReactInstanceManager.attachRootViewToInstance()
05-03 22:21:55.237 30000   673 I ReactNativeJS: Running application "AdventurerSimulator" with appParams: {"rootTag":201}. __DEV__ === true, development-level warning are ON, performance optimizations are OFF
05-03 22:22:00.419 30000   673 I ReactNativeJS: NaN, 0, 0
05-03 22:22:15.315 30000   673 I ReactNativeJS: 0, 0, 8
05-03 22:22:15.586 30000   673 I ReactNativeJS: 1
05-03 22:22:15.844 30000   673 I ReactNativeJS: 2
05-03 22:22:16.107 30000   673 I ReactNativeJS: 3
05-03 22:22:16.374 30000   673 I ReactNativeJS: 4
05-03 22:22:16.639 30000   673 I ReactNativeJS: 5
05-03 22:22:16.905 30000   673 I ReactNativeJS: 6
05-03 22:22:17.169 30000   673 I ReactNativeJS: 7
05-03 22:22:17.436 30000   673 I ReactNativeJS: 8
05-03 22:22:17.438 30000   673 I ReactNativeJS: 0, 0, 8
05-03 22:22:17.707 30000   673 I ReactNativeJS: 1
05-03 22:22:17.971 30000   673 I ReactNativeJS: 2
05-03 22:22:18.236 30000   673 I ReactNativeJS: 3
05-03 22:22:18.504 30000   673 I ReactNativeJS: 4
05-03 22:22:18.768 30000   673 I ReactNativeJS: 5
05-03 22:22:19.034 30000   673 I ReactNativeJS: 6
05-03 22:22:19.299 30000   673 I ReactNativeJS: 7
05-03 22:22:19.564 30000   673 I ReactNativeJS: 8
05-03 22:22:19.572 30000   673 I ReactNativeJS: 0, 0, 8
05-03 22:22:19.829 30000   673 I ReactNativeJS: 1
05-03 22:22:20.090 30000   673 I ReactNativeJS: 2
05-03 22:22:20.345 30000   673 I ReactNativeJS: 3
05-03 22:22:20.611 30000   673 I ReactNativeJS: 4
05-03 22:22:20.879 30000   673 I ReactNativeJS: 5
05-03 22:22:21.153 30000   673 I ReactNativeJS: 6
05-03 22:22:21.409 30000   673 I ReactNativeJS: 7
05-03 22:22:21.672 30000   673 I ReactNativeJS: 8
05-03 22:22:21.677 30000   673 I ReactNativeJS: 0, 0, 8
05-03 22:22:21.937 30000   673 I ReactNativeJS: 1
05-03 22:22:22.204 30000   673 I ReactNativeJS: 2
05-03 22:22:22.468 30000   673 I ReactNativeJS: 3
05-03 22:22:22.738 30000   673 I ReactNativeJS: 4
05-03 22:22:23.002 30000   673 I ReactNativeJS: 5
05-03 22:22:23.267 30000   673 I ReactNativeJS: 6
05-03 22:22:23.531 30000   673 I ReactNativeJS: 7
05-03 22:22:23.791 30000   673 I ReactNativeJS: 8
05-03 22:22:23.804 30000   673 I ReactNativeJS: 0, 0, 8
05-03 22:22:24.045 30000   673 I ReactNativeJS: 1
05-03 22:22:24.315 30000   673 I ReactNativeJS: 2
05-03 22:22:24.580 30000   673 I ReactNativeJS: 3
05-03 22:22:24.843 30000   673 I ReactNativeJS: 4
05-03 22:22:25.108 30000   673 I ReactNativeJS: 5
05-03 22:22:25.374 30000   673 I ReactNativeJS: 6
05-03 22:22:25.640 30000   673 I ReactNativeJS: 7
05-03 22:22:25.906 30000   673 I ReactNativeJS: 8
05-03 22:22:25.925 30000   673 I ReactNativeJS: 0, 0, 8
05-03 22:22:26.170 30000   673 I ReactNativeJS: 1
05-03 22:22:26.436 30000   673 I ReactNativeJS: 2
05-03 22:22:26.702 30000   673 I ReactNativeJS: 3
05-03 22:22:26.967 30000   673 I ReactNativeJS: 4
05-03 22:22:27.234 30000   673 I ReactNativeJS: 5
05-03 22:22:27.498 30000   673 I ReactNativeJS: 6
05-03 22:22:27.765 30000   673 I ReactNativeJS: 7
05-03 22:22:28.024 30000   673 I ReactNativeJS: 8
05-03 22:22:28.036 30000   673 I ReactNativeJS: 0, 0, 8
05-03 22:22:28.279 30000   673 I ReactNativeJS: 1
05-03 22:22:28.544 30000   673 I ReactNativeJS: 2
05-03 22:22:28.806 30000   673 I ReactNativeJS: 3
05-03 22:22:29.058 30000   673 I ReactNativeJS: 4
05-03 22:22:29.323 30000   673 I ReactNativeJS: 5
05-03 22:22:29.589 30000   673 I ReactNativeJS: 6
05-03 22:22:29.856 30000   673 I ReactNativeJS: 7
05-03 22:22:30.121 30000   673 I ReactNativeJS: 8
05-03 22:22:30.127 30000   673 I ReactNativeJS: 0, 0, 8
05-03 22:22:30.394 30000   673 I ReactNativeJS: 1
05-03 22:22:30.653 30000   673 I ReactNativeJS: 2
05-03 22:22:30.918 30000   673 I ReactNativeJS: 3
05-03 22:22:31.184 30000   673 I ReactNativeJS: 4
05-03 22:22:31.449 30000   673 I ReactNativeJS: 5
05-03 22:22:31.715 30000   673 I ReactNativeJS: 6
05-03 22:22:31.980 30000   673 I ReactNativeJS: 7
05-03 22:22:32.241 30000   673 I ReactNativeJS: 8
05-03 22:22:32.247 30000   673 I ReactNativeJS: 0, 0, 8
05-03 22:22:32.494 30000   673 I ReactNativeJS: 1
05-03 22:22:32.755 30000   673 I ReactNativeJS: 2
05-03 22:22:33.009 30000   673 I ReactNativeJS: 3
05-03 22:22:33.275 30000   673 I ReactNativeJS: 4
05-03 22:22:33.541 30000   673 I ReactNativeJS: 5
05-03 22:22:33.806 30000   673 I ReactNativeJS: 6
05-03 22:22:34.073 30000   673 I ReactNativeJS: 7
05-03 22:22:34.338 30000   673 I ReactNativeJS: 8
05-03 22:22:34.346 30000   673 I ReactNativeJS: 0, 0, 8
05-03 22:22:34.603 30000   673 I ReactNativeJS: 1
05-03 22:22:34.867 30000   673 I ReactNativeJS: 2
05-03 22:22:35.136 30000   673 I ReactNativeJS: 3
05-03 22:22:35.399 30000   673 I ReactNativeJS: 4
05-03 22:22:35.666 30000   673 I ReactNativeJS: 5
05-03 22:22:35.932 30000   673 I ReactNativeJS: 6
05-03 22:22:36.196 30000   673 I ReactNativeJS: 7
05-03 22:22:36.462 30000   673 I ReactNativeJS: 8
05-03 22:22:36.469 30000   673 I ReactNativeJS: 0, 0, 8
05-03 22:22:36.727 30000   673 I ReactNativeJS: 1
05-03 22:22:36.993 30000   673 I ReactNativeJS: 2
05-03 22:22:37.259 30000   673 I ReactNativeJS: 3
05-03 22:22:37.523 30000   673 I ReactNativeJS: 4
05-03 22:22:37.791 30000   673 I ReactNativeJS: 5
05-03 22:22:38.056 30000   673 I ReactNativeJS: 6
05-03 22:22:38.322 30000   673 I ReactNativeJS: 7
05-03 22:22:38.589 30000   673 I ReactNativeJS: 8
05-03 22:22:38.596 30000   673 I ReactNativeJS: 0, 0, 8
05-03 22:22:38.854 30000   673 I ReactNativeJS: 1
05-03 22:22:39.119 30000   673 I ReactNativeJS: 2
05-03 22:22:39.385 30000   673 I ReactNativeJS: 3
05-03 22:22:39.651 30000   673 I ReactNativeJS: 4
05-03 22:22:39.916 30000   673 I ReactNativeJS: 5
05-03 22:22:40.181 30000   673 I ReactNativeJS: 6
05-03 22:22:40.439 30000   673 I ReactNativeJS: 7
05-03 22:22:40.695 30000   673 I ReactNativeJS: 8
05-03 22:22:40.707 30000   673 I ReactNativeJS: 0, 0, 8
05-03 22:22:40.961 30000   673 I ReactNativeJS: 1
05-03 22:22:41.226 30000   673 I ReactNativeJS: 2
05-03 22:22:41.491 30000   673 I ReactNativeJS: 3
05-03 22:22:41.756 30000   673 I ReactNativeJS: 4
05-03 22:22:42.024 30000   673 I ReactNativeJS: 5
05-03 22:22:42.289 30000   673 I ReactNativeJS: 6
05-03 22:22:42.554 30000   673 I ReactNativeJS: 7
05-03 22:22:42.820 30000   673 I ReactNativeJS: 8
05-03 22:22:42.828 30000   673 I ReactNativeJS: 0, 0, 8
05-03 22:22:43.086 30000   673 I ReactNativeJS: 1
05-03 22:22:43.353 30000   673 I ReactNativeJS: 2
05-03 22:22:43.617 30000   673 I ReactNativeJS: 3
05-03 22:22:43.883 30000   673 I ReactNativeJS: 4
05-03 22:22:44.149 30000   673 I ReactNativeJS: 5
05-03 22:22:44.406 30000   673 I ReactNativeJS: 6
05-03 22:22:44.679 30000   673 I ReactNativeJS: 7
05-03 22:22:44.945 30000   673 I ReactNativeJS: 8
05-03 22:22:44.964 30000   673 I ReactNativeJS: 0, 0, 8
05-03 22:22:45.210 30000   673 I ReactNativeJS: 1
05-03 22:22:45.475 30000   673 I ReactNativeJS: 2
05-03 22:22:45.741 30000   673 I ReactNativeJS: 3
05-03 22:22:46.007 30000   673 I ReactNativeJS: 4
05-03 22:22:46.274 30000   673 I ReactNativeJS: 5
05-03 22:22:46.540 30000   673 I ReactNativeJS: 6
05-03 22:22:46.802 30000   673 I ReactNativeJS: 7
05-03 22:22:47.071 30000   673 I ReactNativeJS: 8
05-03 22:22:47.085 30000   673 I ReactNativeJS: 0, 0, 8
05-03 22:22:47.335 30000   673 I ReactNativeJS: 1
05-03 22:22:47.601 30000   673 I ReactNativeJS: 2
05-03 22:22:47.866 30000   673 I ReactNativeJS: 3
05-03 22:22:48.132 30000   673 I ReactNativeJS: 4
05-03 22:22:48.398 30000   673 I ReactNativeJS: 5
05-03 22:22:48.657 30000   673 I ReactNativeJS: 6
05-03 22:22:48.929 30000   673 I ReactNativeJS: 7
05-03 22:22:49.194 30000   673 I ReactNativeJS: 8
05-03 22:22:49.204 30000   673 I ReactNativeJS: 0, 0, 8
05-03 22:22:49.459 30000   673 I ReactNativeJS: 1
05-03 22:22:49.725 30000   673 I ReactNativeJS: 2
05-03 22:22:49.991 30000   673 I ReactNativeJS: 3
05-03 22:22:50.257 30000   673 I ReactNativeJS: 4
05-03 22:22:50.523 30000   673 I ReactNativeJS: 5
05-03 22:22:50.788 30000   673 I ReactNativeJS: 6
05-03 22:22:51.054 30000   673 I ReactNativeJS: 7
05-03 22:22:51.318 30000   673 I ReactNativeJS: 8
05-03 22:22:51.324 30000   673 I ReactNativeJS: 0, 0, 8
05-03 22:22:51.585 30000   673 I ReactNativeJS: 1.25
05-03 22:22:51.851 30000   673 I ReactNativeJS: 2.5
05-03 22:22:52.115 30000   673 I ReactNativeJS: 3.75
05-03 22:22:52.381 30000   673 I ReactNativeJS: 5
05-03 22:22:52.646 30000   673 I ReactNativeJS: 6.25
05-03 22:22:52.906 30000   673 I ReactNativeJS: 7.5
05-03 22:22:53.162 30000   673 I ReactNativeJS: 8.75
05-03 22:22:53.169 30000   673 I ReactNativeJS: 0.09375, 0.75, 8
05-03 22:22:53.427 30000   673 I ReactNativeJS: 2
05-03 22:22:53.693 30000   673 I ReactNativeJS: 3.25
05-03 22:22:53.958 30000   673 I ReactNativeJS: 4.5
05-03 22:22:54.224 30000   673 I ReactNativeJS: 5.75
05-03 22:22:54.490 30000   673 I ReactNativeJS: 7
05-03 22:22:54.756 30000   673 I ReactNativeJS: 8.25
05-03 22:22:54.762 30000   673 I ReactNativeJS: 0.03125, 0.25, 8
05-03 22:22:55.018 30000   673 I ReactNativeJS: 1.5
05-03 22:22:55.288 30000   673 I ReactNativeJS: 2.75
05-03 22:22:55.554 30000   673 I ReactNativeJS: 4
05-03 22:22:55.819 30000   673 I ReactNativeJS: 5.25
05-03 22:22:56.084 30000   673 I ReactNativeJS: 6.5
05-03 22:22:56.351 30000   673 I ReactNativeJS: 7.75
05-03 22:22:56.615 30000   673 I ReactNativeJS: 9
05-03 22:22:56.622 30000   673 I ReactNativeJS: 0.125, 1, 8
05-03 22:22:56.880 30000   673 I ReactNativeJS: 2.25
05-03 22:22:57.147 30000   673 I ReactNativeJS: 3.5
05-03 22:22:57.408 30000   673 I ReactNativeJS: 4.75
05-03 22:22:57.659 30000   673 I ReactNativeJS: 6
05-03 22:22:57.925 30000   673 I ReactNativeJS: 7.25
05-03 22:22:58.192 30000   673 I ReactNativeJS: 8.5
05-03 22:22:58.198 30000   673 I ReactNativeJS: 0.0625, 0.5, 8
05-03 22:22:58.456 30000   673 I ReactNativeJS: 1.75
05-03 22:22:58.723 30000   673 I ReactNativeJS: 3
05-03 22:22:58.987 30000   673 I ReactNativeJS: 4.25
05-03 22:22:59.253 30000   673 I ReactNativeJS: 5.5
05-03 22:22:59.517 30000   673 I ReactNativeJS: 6.75
05-03 22:22:59.785 30000   673 I ReactNativeJS: 8
05-03 22:22:59.793 30000   673 I ReactNativeJS: 0, 0, 8
05-03 22:23:00.052 30000   673 I ReactNativeJS: 1.25
05-03 22:23:00.316 30000   673 I ReactNativeJS: 2.5
05-03 22:23:00.581 30000   673 I ReactNativeJS: 3.75
05-03 22:23:00.839 30000   673 I ReactNativeJS: 5
05-03 22:23:01.113 30000   673 I ReactNativeJS: 6.25
05-03 22:23:01.377 30000   673 I ReactNativeJS: 7.5
05-03 22:23:01.643 30000   673 I ReactNativeJS: 8.75
05-03 22:23:01.649 30000   673 I ReactNativeJS: 0.09375, 0.75, 8
05-03 22:23:01.910 30000   673 I ReactNativeJS: 2
05-03 22:23:02.175 30000   673 I ReactNativeJS: 3.25
05-03 22:23:02.441 30000   673 I ReactNativeJS: 4.5
05-03 22:23:02.707 30000   673 I ReactNativeJS: 5.75
05-03 22:23:02.974 30000   673 I ReactNativeJS: 7
05-03 22:23:03.236 30000   673 I ReactNativeJS: 8.25
05-03 22:23:03.240 30000   673 I ReactNativeJS: 0.03125, 0.25, 8
05-03 22:23:03.503 30000   673 I ReactNativeJS: 1.5
05-03 22:23:03.769 30000   673 I ReactNativeJS: 2.75
05-03 22:23:04.036 30000   673 I ReactNativeJS: 4
05-03 22:23:04.300 30000   673 I ReactNativeJS: 5.25
05-03 22:23:04.566 30000   673 I ReactNativeJS: 6.5
05-03 22:23:04.832 30000   673 I ReactNativeJS: 7.75
05-03 22:23:05.090 30000   673 I ReactNativeJS: 9
05-03 22:23:05.098 30000   673 I ReactNativeJS: 0.125, 1, 8
05-03 22:23:05.345 30000   673 I ReactNativeJS: 2.25
05-03 22:23:05.612 30000   673 I ReactNativeJS: 3.5
05-03 22:23:05.877 30000   673 I ReactNativeJS: 4.75
05-03 22:23:06.140 30000   673 I ReactNativeJS: 6
05-03 22:23:06.407 30000   673 I ReactNativeJS: 7.25
05-03 22:23:06.675 30000   673 I ReactNativeJS: 8.5
05-03 22:23:06.681 30000   673 I ReactNativeJS: 0.0625, 0.5, 8
05-03 22:23:06.938 30000   673 I ReactNativeJS: 1.75
05-03 22:23:07.204 30000   673 I ReactNativeJS: 3
05-03 22:23:07.471 30000   673 I ReactNativeJS: 4.25
05-03 22:23:07.736 30000   673 I ReactNativeJS: 5.5
05-03 22:23:08.002 30000   673 I ReactNativeJS: 6.75
05-03 22:23:08.267 30000   673 I ReactNativeJS: 8
05-03 22:23:08.273 30000   673 I ReactNativeJS: 0, 0, 8
05-03 22:23:08.533 30000   673 I ReactNativeJS: 1.25
05-03 22:23:08.797 30000   673 I ReactNativeJS: 2.5
05-03 22:23:09.064 30000   673 I ReactNativeJS: 3.75
05-03 22:23:09.328 30000   673 I ReactNativeJS: 5
05-03 22:23:09.595 30000   673 I ReactNativeJS: 6.25
05-03 22:23:09.860 30000   673 I ReactNativeJS: 7.5
05-03 22:23:10.124 30000   673 I ReactNativeJS: 8.75
05-03 22:23:10.128 30000   673 I ReactNativeJS: 0.09375, 0.75, 8
05-03 22:23:10.374 30000   673 I ReactNativeJS: 2
05-03 22:23:10.639 30000   673 I ReactNativeJS: 3.25
05-03 22:23:10.906 30000   673 I ReactNativeJS: 4.5
05-03 22:23:11.173 30000   673 I ReactNativeJS: 5.75
05-03 22:23:11.437 30000   673 I ReactNativeJS: 7
05-03 22:23:11.704 30000   673 I ReactNativeJS: 8.25
05-03 22:23:11.741 30000   673 I ReactNativeJS: 0.03125, 0.25, 8
05-03 22:23:11.969 30000   673 I ReactNativeJS: 1.5
05-03 22:23:12.233 30000   673 I ReactNativeJS: 2.75
05-03 22:23:12.499 30000   673 I ReactNativeJS: 4
05-03 22:23:12.766 30000   673 I ReactNativeJS: 5.25
05-03 22:23:13.024 30000   673 I ReactNativeJS: 6.5
05-03 22:23:13.279 30000   673 I ReactNativeJS: 7.75
05-03 22:23:13.554 30000   673 I ReactNativeJS: 9
05-03 22:23:13.557 30000   673 I ReactNativeJS: 0.125, 1, 8
05-03 22:23:13.811 30000   673 I ReactNativeJS: 2.25
05-03 22:23:14.075 30000   673 I ReactNativeJS: 3.5
05-03 22:23:14.341 30000   673 I ReactNativeJS: 4.75
05-03 22:23:14.609 30000   673 I ReactNativeJS: 6
05-03 22:23:14.875 30000   673 I ReactNativeJS: 7.25
05-03 22:23:15.139 30000   673 I ReactNativeJS: 8.5
05-03 22:23:15.145 30000   673 I ReactNativeJS: 0.0625, 0.5, 8
05-03 22:23:15.404 30000   673 I ReactNativeJS: 1.75
05-03 22:23:15.671 30000   673 I ReactNativeJS: 3
05-03 22:23:15.936 30000   673 I ReactNativeJS: 4.25
05-03 22:23:16.198 30000   673 I ReactNativeJS: 5.5
05-03 22:23:16.466 30000   673 I ReactNativeJS: 6.75
05-03 22:23:16.734 30000   673 I ReactNativeJS: 8
05-03 22:23:16.744 30000   673 I ReactNativeJS: 0, 0, 8
05-03 22:23:16.997 30000   673 I ReactNativeJS: 1.25
05-03 22:23:17.263 30000   673 I ReactNativeJS: 2.5
05-03 22:23:17.529 30000   673 I ReactNativeJS: 3.75
05-03 22:23:17.794 30000   673 I ReactNativeJS: 5
05-03 22:23:18.059 30000   673 I ReactNativeJS: 6.25
05-03 22:23:18.323 30000   673 I ReactNativeJS: 7.5
05-03 22:23:18.589 30000   673 I ReactNativeJS: 8.75
05-03 22:23:18.596 30000   673 I ReactNativeJS: 0.09375, 0.75, 8
05-03 22:23:18.856 30000   673 I ReactNativeJS: 2
05-03 22:23:19.122 30000   673 I ReactNativeJS: 3.25
05-03 22:23:19.387 30000   673 I ReactNativeJS: 4.5
05-03 22:23:19.653 30000   673 I ReactNativeJS: 5.75
05-03 22:23:19.918 30000   673 I ReactNativeJS: 7
05-03 22:23:20.185 30000   673 I ReactNativeJS: 8.25
05-03 22:23:20.193 30000   673 I ReactNativeJS: 0.03125, 0.25, 8
05-03 22:23:20.449 30000   673 I ReactNativeJS: 1.5
05-03 22:23:20.716 30000   673 I ReactNativeJS: 2.75
05-03 22:23:20.981 30000   673 I ReactNativeJS: 4
05-03 22:23:21.247 30000   673 I ReactNativeJS: 5.25
05-03 22:23:21.513 30000   673 I ReactNativeJS: 6.5
05-03 22:23:21.779 30000   673 I ReactNativeJS: 7.75
05-03 22:23:22.043 30000   673 I ReactNativeJS: 9
05-03 22:23:22.053 30000   673 I ReactNativeJS: 0.125, 1, 8
05-03 22:23:22.308 30000   673 I ReactNativeJS: 2.5
05-03 22:23:22.575 30000   673 I ReactNativeJS: 4
05-03 22:23:22.840 30000   673 I ReactNativeJS: 5.5
05-03 22:23:23.106 30000   673 I ReactNativeJS: 7
05-03 22:23:23.372 30000   673 I ReactNativeJS: 8.5
05-03 22:23:23.378 30000   673 I ReactNativeJS: 0.0625, 0.5, 8
05-03 22:23:23.636 30000   673 I ReactNativeJS: 2
05-03 22:23:23.904 30000   673 I ReactNativeJS: 3.5
05-03 22:23:24.168 30000   673 I ReactNativeJS: 5
05-03 22:23:24.435 30000   673 I ReactNativeJS: 6.5
05-03 22:23:24.700 30000   673 I ReactNativeJS: 8
05-03 22:23:24.706 30000   673 I ReactNativeJS: 0, 0, 8
05-03 22:23:24.965 30000   673 I ReactNativeJS: 1.5
05-03 22:23:25.231 30000   673 I ReactNativeJS: 3
05-03 22:23:25.495 30000   673 I ReactNativeJS: 4.5
05-03 22:23:25.761 30000   673 I ReactNativeJS: 6
05-03 22:23:26.028 30000   673 I ReactNativeJS: 7.5
05-03 22:23:26.293 30000   673 I ReactNativeJS: 9
05-03 22:23:26.305 30000   673 I ReactNativeJS: 0.125, 1, 8
05-03 22:23:26.558 30000   673 I ReactNativeJS: 2.5
05-03 22:23:26.824 30000   673 I ReactNativeJS: 4
05-03 22:23:27.089 30000   673 I ReactNativeJS: 5.5
05-03 22:23:27.358 30000   673 I ReactNativeJS: 7
05-03 22:23:27.622 30000   673 I ReactNativeJS: 8.5
05-03 22:23:27.627 30000   673 I ReactNativeJS: 0.0625, 0.5, 8
05-03 22:23:27.887 30000   673 I ReactNativeJS: 2
05-03 22:23:28.153 30000   673 I ReactNativeJS: 3.5
05-03 22:23:28.418 30000   673 I ReactNativeJS: 5
05-03 22:23:28.684 30000   673 I ReactNativeJS: 6.5
05-03 22:23:28.946 30000   673 I ReactNativeJS: 8
05-03 22:23:28.951 30000   673 I ReactNativeJS: 0, 0, 8
05-03 22:23:29.211 30000   673 I ReactNativeJS: 1.5
05-03 22:23:29.480 30000   673 I ReactNativeJS: 3
05-03 22:23:29.740 30000   673 I ReactNativeJS: 4.5
05-03 22:23:29.993 30000   673 I ReactNativeJS: 6
05-03 22:23:30.257 30000   673 I ReactNativeJS: 7.5
05-03 22:23:30.526 30000   673 I ReactNativeJS: 9
05-03 22:23:30.531 30000   673 I ReactNativeJS: 0.125, 1, 8
05-03 22:23:30.791 30000   673 I ReactNativeJS: 2.5
05-03 22:23:31.057 30000   673 I ReactNativeJS: 4
05-03 22:23:31.324 30000   673 I ReactNativeJS: 5.5
05-03 22:23:31.589 30000   673 I ReactNativeJS: 7
05-03 22:23:31.854 30000   673 I ReactNativeJS: 8.5
05-03 22:23:31.859 30000   673 I ReactNativeJS: 0.0625, 0.5, 8
05-03 22:23:32.119 30000   673 I ReactNativeJS: 2
05-03 22:23:32.387 30000   673 I ReactNativeJS: 3.5
05-03 22:23:32.651 30000   673 I ReactNativeJS: 5
05-03 22:23:32.917 30000   673 I ReactNativeJS: 6.5
05-03 22:23:33.183 30000   673 I ReactNativeJS: 8
05-03 22:23:33.188 30000   673 I ReactNativeJS: 0, 0, 8
05-03 22:23:33.446 30000   673 I ReactNativeJS: 1.5
05-03 22:23:33.712 30000   673 I ReactNativeJS: 3
05-03 22:23:33.977 30000   673 I ReactNativeJS: 4.5
05-03 22:23:34.245 30000   673 I ReactNativeJS: 6
05-03 22:23:34.508 30000   673 I ReactNativeJS: 7.5
05-03 22:23:34.774 30000   673 I ReactNativeJS: 9
05-03 22:23:34.779 30000   673 I ReactNativeJS: 0.125, 1, 8
05-03 22:23:35.024 30000   673 I ReactNativeJS: 2.5
05-03 22:23:35.289 30000   673 I ReactNativeJS: 4
05-03 22:23:35.555 30000   673 I ReactNativeJS: 5.5
05-03 22:23:35.821 30000   673 I ReactNativeJS: 7
05-03 22:23:36.087 30000   673 I ReactNativeJS: 8.5
05-03 22:23:36.092 30000   673 I ReactNativeJS: 0.0625, 0.5, 8
05-03 22:23:36.351 30000   673 I ReactNativeJS: 2
05-03 22:23:36.617 30000   673 I ReactNativeJS: 3.5
05-03 22:23:36.884 30000   673 I ReactNativeJS: 5
05-03 22:23:37.151 30000   673 I ReactNativeJS: 6.5
05-03 22:23:37.407 30000   673 I ReactNativeJS: 8
05-03 22:23:37.413 30000   673 I ReactNativeJS: 0, 0, 8
05-03 22:23:37.664 30000   673 I ReactNativeJS: 1.5
05-03 22:23:37.929 30000   673 I ReactNativeJS: 3
05-03 22:23:38.198 30000   673 I ReactNativeJS: 4.5
05-03 22:23:38.458 30000   673 I ReactNativeJS: 6
05-03 22:23:38.725 30000   673 I ReactNativeJS: 7.5
05-03 22:23:38.991 30000   673 I ReactNativeJS: 9
05-03 22:23:38.997 30000   673 I ReactNativeJS: 0.125, 1, 8
05-03 22:23:39.257 30000   673 I ReactNativeJS: 2.5
05-03 22:23:39.524 30000   673 I ReactNativeJS: 4
05-03 22:23:39.787 30000   673 I ReactNativeJS: 5.5
05-03 22:23:40.054 30000   673 I ReactNativeJS: 7
05-03 22:23:40.321 30000   673 I ReactNativeJS: 8.5
05-03 22:23:40.328 30000   673 I ReactNativeJS: 0.0625, 0.5, 8
05-03 22:23:40.583 30000   673 I ReactNativeJS: 2
05-03 22:23:40.851 30000   673 I ReactNativeJS: 3.5
05-03 22:23:41.117 30000   673 I ReactNativeJS: 5
05-03 22:23:41.383 30000   673 I ReactNativeJS: 6.5
05-03 22:23:41.639 30000   673 I ReactNativeJS: 8
05-03 22:23:41.646 30000   673 I ReactNativeJS: 0, 0, 8
05-03 22:23:41.896 30000   673 I ReactNativeJS: 1.5
05-03 22:23:42.163 30000   673 I ReactNativeJS: 3
05-03 22:23:42.424 30000   673 I ReactNativeJS: 4.5
05-03 22:23:42.677 30000   673 I ReactNativeJS: 6
05-03 22:23:42.941 30000   673 I ReactNativeJS: 7.5
05-03 22:23:43.207 30000   673 I ReactNativeJS: 9
05-03 22:23:43.213 30000   673 I ReactNativeJS: 0.125, 1, 8
05-03 22:23:43.471 30000   673 I ReactNativeJS: 2.5
05-03 22:23:43.739 30000   673 I ReactNativeJS: 4
05-03 22:23:44.006 30000   673 I ReactNativeJS: 5.5
05-03 22:23:44.271 30000   673 I ReactNativeJS: 7
05-03 22:23:44.536 30000   673 I ReactNativeJS: 8.5
05-03 22:23:44.544 30000   673 I ReactNativeJS: 0.0625, 0.5, 8
05-03 22:23:44.801 30000   673 I ReactNativeJS: 2
05-03 22:23:45.067 30000   673 I ReactNativeJS: 3.5
05-03 22:23:45.334 30000   673 I ReactNativeJS: 5
05-03 22:23:45.598 30000   673 I ReactNativeJS: 6.5
05-03 22:23:45.864 30000   673 I ReactNativeJS: 8
05-03 22:23:45.870 30000   673 I ReactNativeJS: 0, 0, 8
05-03 22:23:46.128 30000   673 I ReactNativeJS: 1.5
05-03 22:23:46.395 30000   673 I ReactNativeJS: 3
05-03 22:23:46.657 30000   673 I ReactNativeJS: 4.5
05-03 22:23:46.927 30000   673 I ReactNativeJS: 6
05-03 22:23:47.190 30000   673 I ReactNativeJS: 7.5
05-03 22:23:47.458 30000   673 I ReactNativeJS: 9
05-03 22:23:47.464 30000   673 I ReactNativeJS: 0.125, 1, 8
05-03 22:23:47.724 30000   673 I ReactNativeJS: 2.5
05-03 22:23:47.989 30000   673 I ReactNativeJS: 4
05-03 22:23:48.255 30000   673 I ReactNativeJS: 5.5
05-03 22:23:48.519 30000   673 I ReactNativeJS: 7
05-03 22:23:48.785 30000   673 I ReactNativeJS: 8.5
05-03 22:23:48.789 30000   673 I ReactNativeJS: 0.0625, 0.5, 8
05-03 22:23:49.051 30000   673 I ReactNativeJS: 2
05-03 22:23:49.316 30000   673 I ReactNativeJS: 3.5
05-03 22:23:49.583 30000   673 I ReactNativeJS: 5
05-03 22:23:49.848 30000   673 I ReactNativeJS: 6.5
05-03 22:23:50.117 30000   673 I ReactNativeJS: 8
05-03 22:23:50.122 30000   673 I ReactNativeJS: 0, 0, 8
05-03 22:23:50.379 30000   673 I ReactNativeJS: 1.5
05-03 22:23:50.646 30000   673 I ReactNativeJS: 3
05-03 22:23:50.906 30000   673 I ReactNativeJS: 4.5
05-03 22:23:51.176 30000   673 I ReactNativeJS: 6
05-03 22:23:51.441 30000   673 I ReactNativeJS: 7.5
05-03 22:23:51.707 30000   673 I ReactNativeJS: 9
05-03 22:23:51.717 30000   673 I ReactNativeJS: 0.125, 1, 8
05-03 22:23:51.974 30000   673 I ReactNativeJS: 2.75
05-03 22:23:52.237 30000   673 I ReactNativeJS: 4.5
05-03 22:23:52.505 30000   673 I ReactNativeJS: 6.25
05-03 22:23:52.772 30000   673 I ReactNativeJS: 8
05-03 22:23:52.779 30000   673 I ReactNativeJS: 0, 0, 8
05-03 22:23:53.035 30000   673 I ReactNativeJS: 1.75
05-03 22:23:53.301 30000   673 I ReactNativeJS: 3.5
05-03 22:23:53.566 30000   673 I ReactNativeJS: 5.25
05-03 22:23:53.826 30000   673 I ReactNativeJS: 7
05-03 22:23:54.092 30000   673 I ReactNativeJS: 8.75
05-03 22:23:54.092 30000   673 I ReactNativeJS: 0.09375, 0.75, 8
05-03 22:23:54.363 30000   673 I ReactNativeJS: 2.5
05-03 22:23:54.629 30000   673 I ReactNativeJS: 4.25
05-03 22:23:54.896 30000   673 I ReactNativeJS: 6
05-03 22:23:55.160 30000   673 I ReactNativeJS: 7.75
05-03 22:23:55.423 30000   673 I ReactNativeJS: 9.5
05-03 22:23:55.427 30000   673 I ReactNativeJS: 0.1875, 1.5, 8
05-03 22:23:55.674 30000   673 I ReactNativeJS: 3.25
05-03 22:23:55.940 30000   673 I ReactNativeJS: 5
05-03 22:23:56.206 30000   673 I ReactNativeJS: 6.75
05-03 22:23:56.471 30000   673 I ReactNativeJS: 8.5
05-03 22:23:56.475 30000   673 I ReactNativeJS: 0.0625, 0.5, 8
05-03 22:23:56.738 30000   673 I ReactNativeJS: 2.25
05-03 22:23:57.003 30000   673 I ReactNativeJS: 4
05-03 22:23:57.269 30000   673 I ReactNativeJS: 5.75
05-03 22:23:57.535 30000   673 I ReactNativeJS: 7.5
05-03 22:23:57.800 30000   673 I ReactNativeJS: 9.25
05-03 22:23:57.806 30000   673 I ReactNativeJS: 0.15625, 1.25, 8
05-03 22:23:58.064 30000   673 I ReactNativeJS: 3
05-03 22:23:58.331 30000   673 I ReactNativeJS: 4.75
05-03 22:23:58.596 30000   673 I ReactNativeJS: 6.5
05-03 22:23:58.860 30000   673 I ReactNativeJS: 8.25
05-03 22:23:58.863 30000   673 I ReactNativeJS: 0.03125, 0.25, 8
05-03 22:23:59.124 30000   673 I ReactNativeJS: 2
05-03 22:23:59.397 30000   673 I ReactNativeJS: 3.75
05-03 22:23:59.657 30000   673 I ReactNativeJS: 5.5
05-03 22:23:59.909 30000   673 I ReactNativeJS: 7.25
05-03 22:24:00.168 30000   673 I ReactNativeJS: 9
05-03 22:24:00.170 30000   673 I ReactNativeJS: 0.125, 1, 8
05-03 22:24:00.439 30000   673 I ReactNativeJS: 2.75
05-03 22:24:00.706 30000   673 I ReactNativeJS: 4.5
05-03 22:24:00.971 30000   673 I ReactNativeJS: 6.25
05-03 22:24:01.237 30000   673 I ReactNativeJS: 8
05-03 22:24:01.242 30000   673 I ReactNativeJS: 0, 0, 8
05-03 22:24:01.501 30000   673 I ReactNativeJS: 1.75
05-03 22:24:01.767 30000   673 I ReactNativeJS: 3.5
05-03 22:24:02.033 30000   673 I ReactNativeJS: 5.25
05-03 22:24:02.299 30000   673 I ReactNativeJS: 7
05-03 22:24:02.564 30000   673 I ReactNativeJS: 8.75
05-03 22:24:02.570 30000   673 I ReactNativeJS: 0.09375, 0.75, 8
05-03 22:24:02.829 30000   673 I ReactNativeJS: 2.5
05-03 22:24:03.097 30000   673 I ReactNativeJS: 4.25
05-03 22:24:03.361 30000   673 I ReactNativeJS: 6
05-03 22:24:03.626 30000   673 I ReactNativeJS: 7.75
05-03 22:24:03.890 30000   673 I ReactNativeJS: 9.5
05-03 22:24:03.897 30000   673 I ReactNativeJS: 0.1875, 1.5, 8
05-03 22:24:04.141 30000   673 I ReactNativeJS: 3.25
05-03 22:24:04.407 30000   673 I ReactNativeJS: 5
05-03 22:24:04.671 30000   673 I ReactNativeJS: 6.75
05-03 22:24:04.939 30000   673 I ReactNativeJS: 8.5
05-03 22:24:04.947 30000   673 I ReactNativeJS: 0.0625, 0.5, 8
05-03 22:24:05.203 30000   673 I ReactNativeJS: 2.25
05-03 22:24:05.474 30000   673 I ReactNativeJS: 4
05-03 22:24:05.735 30000   673 I ReactNativeJS: 5.75
05-03 22:24:06.001 30000   673 I ReactNativeJS: 7.5
05-03 22:24:06.266 30000   673 I ReactNativeJS: 9.25
05-03 22:24:06.272 30000   673 I ReactNativeJS: 0.15625, 1.25, 8
05-03 22:24:06.532 30000   673 I ReactNativeJS: 3
05-03 22:24:06.798 30000   673 I ReactNativeJS: 4.75
05-03 22:24:07.062 30000   673 I ReactNativeJS: 6.5
05-03 22:24:07.329 30000   673 I ReactNativeJS: 8.25
05-03 22:24:07.336 30000   673 I ReactNativeJS: 0.03125, 0.25, 8
05-03 22:24:07.593 30000   673 I ReactNativeJS: 2
05-03 22:24:07.859 30000   673 I ReactNativeJS: 3.75
05-03 22:24:08.123 30000   673 I ReactNativeJS: 5.5
05-03 22:24:08.392 30000   673 I ReactNativeJS: 7.25
05-03 22:24:08.657 30000   673 I ReactNativeJS: 9
05-03 22:24:08.662 30000   673 I ReactNativeJS: 0.125, 1, 8
05-03 22:24:08.921 30000   673 I ReactNativeJS: 2.75
05-03 22:24:09.188 30000   673 I ReactNativeJS: 4.5
05-03 22:24:09.454 30000   673 I ReactNativeJS: 6.25
05-03 22:24:09.719 30000   673 I ReactNativeJS: 8
05-03 22:24:09.725 30000   673 I ReactNativeJS: 0, 0, 8
05-03 22:24:09.985 30000   673 I ReactNativeJS: 1.75
05-03 22:24:10.251 30000   673 I ReactNativeJS: 3.5
05-03 22:24:10.517 30000   673 I ReactNativeJS: 5.25
05-03 22:24:10.781 30000   673 I ReactNativeJS: 7
05-03 22:24:11.040 30000   673 I ReactNativeJS: 8.75
05-03 22:24:11.048 30000   673 I ReactNativeJS: 0.09375, 0.75, 8
05-03 22:24:11.296 30000   673 I ReactNativeJS: 2.5
05-03 22:24:11.561 30000   673 I ReactNativeJS: 4.25
05-03 22:24:11.828 30000   673 I ReactNativeJS: 6
05-03 22:24:12.093 30000   673 I ReactNativeJS: 7.75
05-03 22:24:12.357 30000   673 I ReactNativeJS: 9.5
05-03 22:24:12.363 30000   673 I ReactNativeJS: 0.1875, 1.5, 8
05-03 22:24:12.624 30000   673 I ReactNativeJS: 3.25
05-03 22:24:12.894 30000   673 I ReactNativeJS: 5
05-03 22:24:13.157 30000   673 I ReactNativeJS: 6.75
05-03 22:24:13.421 30000   673 I ReactNativeJS: 8.5
05-03 22:24:13.426 30000   673 I ReactNativeJS: 0.0625, 0.5, 8
05-03 22:24:13.686 30000   673 I ReactNativeJS: 2.25
05-03 22:24:13.952 30000   673 I ReactNativeJS: 4
05-03 22:24:14.218 30000   673 I ReactNativeJS: 5.75
05-03 22:24:14.483 30000   673 I ReactNativeJS: 7.5
05-03 22:24:14.748 30000   673 I ReactNativeJS: 9.25
05-03 22:24:14.755 30000   673 I ReactNativeJS: 0.15625, 1.25, 8
05-03 22:24:15.014 30000   673 I ReactNativeJS: 3
05-03 22:24:15.278 30000   673 I ReactNativeJS: 4.75
05-03 22:24:15.546 30000   673 I ReactNativeJS: 6.5
05-03 22:24:15.812 30000   673 I ReactNativeJS: 8.25
05-03 22:24:15.817 30000   673 I ReactNativeJS: 0.03125, 0.25, 8
05-03 22:24:16.077 30000   673 I ReactNativeJS: 2
05-03 22:24:16.342 30000   673 I ReactNativeJS: 3.75
05-03 22:24:16.606 30000   673 I ReactNativeJS: 5.5
05-03 22:24:16.875 30000   673 I ReactNativeJS: 7.25
05-03 22:27:34.424 30000   673 I ReactNativeJS: 9
05-03 22:27:34.425 30000   673 I ReactNativeJS: 0.125, 1, 8
05-03 22:27:34.680 30000   673 I ReactNativeJS: 2.75
05-03 22:27:34.946 30000   673 I ReactNativeJS: 4.5
05-03 22:27:35.213 30000   673 I ReactNativeJS: 6.25
05-03 22:27:35.480 30000   673 I ReactNativeJS: 8
05-03 22:27:35.481 30000   673 I ReactNativeJS: 0, 0, 8
05-03 22:27:35.748 30000   673 I ReactNativeJS: 2
05-03 22:27:36.014 30000   673 I ReactNativeJS: 4
05-03 22:27:36.279 30000   673 I ReactNativeJS: 6
05-03 22:27:36.549 30000   673 I ReactNativeJS: 8
05-03 22:27:36.550 30000   673 I ReactNativeJS: 0, 0, 8
05-03 22:27:36.836 30000   673 I ReactNativeJS: 2
05-03 22:27:37.074 30000   673 I ReactNativeJS: 4
05-03 22:27:37.343 30000   673 I ReactNativeJS: 6
05-03 22:27:37.610 30000   673 I ReactNativeJS: 8
05-03 22:27:37.638 30000   673 E ReactNativeJS: undefined is not a function (evaluating '_this3.notARealFunction()')
05-03 22:27:37.873 30000   673 I ReactNativeJS: 2
05-03 22:27:38.142 30000   673 I ReactNativeJS: 4
05-03 22:27:38.411 30000   673 I ReactNativeJS: 6
05-03 22:27:38.670 30000   673 I ReactNativeJS: 8
05-03 22:27:38.866 30000 30000 D ReactNative: ReactInstanceManager.onJSBundleLoadedFromServer()
05-03 22:27:38.867 30000 30000 D ReactNative: ReactInstanceManager.recreateReactContextInBackground()
05-03 22:27:38.867 30000 30000 D ReactNative: ReactInstanceManager.runCreateReactContextOnNewThread()
05-03 22:27:38.867 30000 30000 D ReactNative: ReactInstanceManager.tearDownReactContext()
05-03 22:27:38.871 30000 30000 D ReactNative: CatalystInstanceImpl.destroy() start
05-03 22:27:38.874 30000  1643 D ReactNative: ReactInstanceManager.createReactContext()
05-03 22:27:38.929 30000  1616 D ReactNative: CatalystInstanceImpl.destroy() end
05-03 22:27:38.944 30000  1643 D ReactNative: Initializing React Xplat Bridge.
05-03 22:27:38.945 30000  1643 D ReactNative: Initializing React Xplat Bridge before initializeBridge
05-03 22:27:38.950 30000  1643 D ReactNative: Initializing React Xplat Bridge after initializeBridge
05-03 22:27:38.950 30000  1643 D ReactNative: CatalystInstanceImpl.runJSBundle()
05-03 22:27:38.953 30000  1645 D ReactNative: ReactInstanceManager.setupReactContext()
05-03 22:27:38.953 30000  1645 D ReactNative: CatalystInstanceImpl.initialize()
05-03 22:27:38.954 30000  1645 D ReactNative: ReactInstanceManager.attachRootViewToInstance()
05-03 22:27:39.614 30000  1644 I ReactNativeJS: Running application "AdventurerSimulator" with appParams: {"rootTag":211}. __DEV__ === true, development-level warning are ON, performance optimizations are OFF
05-03 22:27:47.722 30000  1644 E ReactNativeJS: ReferenceError: Can't find variable: setInverval
05-03 22:27:47.722 30000  1644 E ReactNativeJS: 
05-03 22:27:47.722 30000  1644 E ReactNativeJS: This error is located at:
05-03 22:27:47.722 30000  1644 E ReactNativeJS:     in PlayerHeader (at Player.js:26)
05-03 22:27:47.722 30000  1644 E ReactNativeJS:     in RCTView (at View.js:60)
05-03 22:27:47.722 30000  1644 E ReactNativeJS:     in View (at Player.js:25)
05-03 22:27:47.722 30000  1644 E ReactNativeJS:     in Player (at SceneView.js:17)
05-03 22:27:47.722 30000  1644 E ReactNativeJS:     in SceneView (at CardStack.js:466)
05-03 22:27:47.722 30000  1644 E ReactNativeJS:     in RCTView (at View.js:60)
05-03 22:27:47.722 30000  1644 E ReactNativeJS:     in View (at createAnimatedComponent.js:154)
05-03 22:27:47.722 30000  1644 E ReactNativeJS:     in AnimatedComponent (at Card.js:12)
05-03 22:27:47.722 30000  1644 E ReactNativeJS:     in Card (at PointerEventsContainer.js:39)
05-03 22:27:47.722 30000  1644 E ReactNativeJS:     in Container (at CardStack.js:498)
05-03 22:27:47.722 30000  1644 E ReactNativeJS:     in RCTView (at View.js:60)
05-03 22:27:47.722 30000  1644 E ReactNativeJS:     in View (at CardStack.js:414)
05-03 22:27:47.722 30000  1644 E ReactNativeJS:     in RCTView (at View.js:60)
05-03 22:27:47.722 30000  1644 E ReactNativeJS:     in View (at CardStack.js:413)
05-03 22:27:47.722 30000  1644 E ReactNativeJS:     in CardStack (at CardStackTransitioner.js:67)
05-03 22:27:47.722 30000  1644 E ReactNativeJS:     in RCTView (at View.js:60)
05-03 22:27:47.722 30000  1644 E ReactNativeJS:     in View (at Transitioner.js:142)
05-03 22:27:47.722 30000  1644 E ReactNativeJS:     in Transitioner (at CardStackTransitioner.js:19)
05-03 22:27:47.722 30000  1644 E ReactNativeJS:     in CardStackTransitioner (at StackNavigator.js:41)
05-03 22:27:47.722 30000  1644 E ReactNativeJS:     in Unknown (at createNavigator.js:13)
05-03 22:27:47.722 30000  1644 E ReactNativeJS:     in Navigator (at createNavigationContainer.js:226)
05-03 22:27:47.722 30000  1644 E ReactNativeJS:     in NavigationContainer (at renderApplication.js:33)
05-03 22:27:47.722 30000  1644 E ReactNativeJS:     in RCTView (at View.js:60)
05-03 22:27:47.722 30000  1644 E ReactNativeJS:     in View (at AppContainer.js:102)
05-03 22:27:47.722 30000  1644 E ReactNativeJS:     in RCTView (at View.js:60)
05-03 22:27:47.722 30000  1644 E ReactNativeJS:     in View (at AppContainer.js:122)
05-03 22:27:47.722 30000  1644 E ReactNativeJS:     in AppContainer (at renderApplication.js:32)
05-03 22:27:47.748 30000  1644 E ReactNativeJS: ReferenceError: Can't find variable: setInverval
05-03 22:27:47.748 30000  1644 E ReactNativeJS: 
05-03 22:27:47.748 30000  1644 E ReactNativeJS: This error is located at:
05-03 22:27:47.748 30000  1644 E ReactNativeJS:     in PlayerHeader (at Player.js:26)
05-03 22:27:47.748 30000  1644 E ReactNativeJS:     in RCTView (at View.js:60)
05-03 22:27:47.748 30000  1644 E ReactNativeJS:     in View (at Player.js:25)
05-03 22:27:47.748 30000  1644 E ReactNativeJS:     in Player (at SceneView.js:17)
05-03 22:27:47.748 30000  1644 E ReactNativeJS:     in SceneView (at CardStack.js:466)
05-03 22:27:47.748 30000  1644 E ReactNativeJS:     in RCTView (at View.js:60)
05-03 22:27:47.748 30000  1644 E ReactNativeJS:     in View (at createAnimatedComponent.js:154)
05-03 22:27:47.748 30000  1644 E ReactNativeJS:     in AnimatedComponent (at Card.js:12)
05-03 22:27:47.748 30000  1644 E ReactNativeJS:     in Card (at PointerEventsContainer.js:39)
05-03 22:27:47.748 30000  1644 E ReactNativeJS:     in Container (at CardStack.js:498)
05-03 22:27:47.748 30000  1644 E ReactNativeJS:     in RCTView (at View.js:60)
05-03 22:27:47.748 30000  1644 E ReactNativeJS:     in View (at CardStack.js:414)
05-03 22:27:47.748 30000  1644 E ReactNativeJS:     in RCTView (at View.js:60)
05-03 22:27:47.748 30000  1644 E ReactNativeJS:     in View (at CardStack.js:413)
05-03 22:27:47.748 30000  1644 E ReactNativeJS:     in CardStack (at CardStackTransitioner.js:67)
05-03 22:27:47.748 30000  1644 E ReactNativeJS:     in RCTView (at View.js:60)
05-03 22:27:47.748 30000  1644 E ReactNativeJS:     in View (at Transitioner.js:142)
05-03 22:27:47.748 30000  1644 E ReactNativeJS:     in Transitioner (at CardStackTransitioner.js:19)
05-03 22:27:47.748 30000  1644 E ReactNativeJS:     in CardStackTransitioner (at StackNavigator.js:41)
05-03 22:27:47.748 30000  1644 E ReactNativeJS:     in Unknown (at createNavigator.js:13)
05-03 22:27:47.748 30000  1644 E ReactNativeJS:     in Navigator (at createNavigationContainer.js:226)
05-03 22:27:47.748 30000  1644 E ReactNativeJS:     in NavigationContainer (at renderApplication.js:33)
05-03 22:27:47.748 30000  1644 E ReactNativeJS:     in RCTView (at View.js:60)
05-03 22:27:47.748 30000  1644 E ReactNativeJS:     in View (at AppContainer.js:102)
05-03 22:27:47.748 30000  1644 E ReactNativeJS:     in RCTView (at View.js:60)
05-03 22:27:47.748 30000  1644 E ReactNativeJS:     in View (at AppContainer.js:122)
05-03 22:27:47.748 30000  1644 E ReactNativeJS:     in AppContainer (at renderApplication.js:32)
05-03 22:29:01.241 30000 30000 D ReactNative: ReactInstanceManager.onJSBundleLoadedFromServer()
05-03 22:29:01.241 30000 30000 D ReactNative: ReactInstanceManager.recreateReactContextInBackground()
05-03 22:29:01.241 30000 30000 D ReactNative: ReactInstanceManager.runCreateReactContextOnNewThread()
05-03 22:29:01.241 30000 30000 D ReactNative: ReactInstanceManager.tearDownReactContext()
05-03 22:29:01.243 30000 30000 D ReactNative: CatalystInstanceImpl.destroy() start
05-03 22:29:01.245 30000  1831 D ReactNative: ReactInstanceManager.createReactContext()
